// Jest Snapshot v1, https://goo.gl/fbAQLP

exports[`tests in Navbar should render properly 1`] = `
<nav
  className="navbar navbar-expand-sm navbar-dark bg-dark"
>
  <div
    className="container-fluid"
  >
    <a
      className="navbar-brand"
      onClick={[Function]}
    >
      HeroesApp
    </a>
    <button
      aria-controls="navbarNavDropdown"
      aria-expanded="false"
      aria-label="Toggle navigation"
      className="navbar-toggler"
      data-bs-target="#navbarNavDropdown"
      data-bs-toggle="collapse"
      type="button"
    >
      <span
        className="navbar-toggler-icon"
      />
    </button>
    <div
      className="collapse navbar-collapse"
      id="navbarNavDropdown"
    >
      <ul
        className="navbar-nav"
      >
        <li
          className="nav-item"
        >
          <a
            aria-current={null}
            className="nav-link"
            onClick={[Function]}
          >
            Marvel
          </a>
        </li>
        <li
          className="nav-item"
        >
          <a
            aria-current={null}
            className="nav-link"
            onClick={[Function]}
          >
            DC
          </a>
        </li>
        <li
          className="nav-item"
        >
          <a
            aria-current={null}
            className="nav-link"
            onClick={[Function]}
          >
            Search
          </a>
        </li>
      </ul>
      <ul
        className="navbar-nav ms-auto"
      >
        <span
          className="nav-item nav-link text-muted fw-light navbar__name"
        >
          John Doe
        </span>
        <button
          className="nav-item nav-link btn navbar__logout"
          onClick={[Function]}
        >
          Logout
        </button>
      </ul>
    </div>
  </div>
</nav>
`;
